Unity Editor version:    6000.5.10f1 (3bd4f66ad299)
Branch:                  6000.5/staging
Build type:              Release
Batch mode:              NO
macOS version:           Version 13.7.8 (Build 22H730)
Darwin version:          22.6.0
Architecture:            arm64
Running under Rosetta:   NO
Available memory:        16384 MB
Date:                    2026-09-17T01:57:54Z
[Licensing::Module] Trying to connect to existing licensing client channel...
[Licensing::IpcConnector] Successfully connected to: "LicenseClient-elijahsaloma" at "2026-09-17T01:57:54.524121Z"

COMMAND LINE ARGUMENTS:
/Applications/Unity/Hub/Editor/6000.5.10f1/Unity.app/Contents/MacOS/Unity
-projectpath
/Users/elijahsaloma/Desktop/CC_CANOE_PROJECT
-acceptSoftwareTermsForThisRunOnly
-useHub
-hubIPC
-cloudEnvironment
production
-licensingIpc
LicenseClient-elijahsaloma
-hubSessionId
8c9329b8-c049-4de6-b726-4659584c8399
-accessToken
NvwWMysgUFWG8xxPT5h5Qj_NWlgqpwIHHOYuazxw8o0001f
Successfully changed project path to: /Users/elijahsaloma/Desktop/CC_CANOE_PROJECT
/Users/elijahsaloma/Desktop/CC_CANOE_PROJECT
[UnityMemory] Configuration Parameters - Can be set up in boot.config
    "memorysetup-temp-allocator-size-gi-baking-worker=262144"
    "memorysetup-temp-allocator-size-gi-baking-worker=262144"
    "memorysetup-temp-allocator-size-gi-baking-worker=262144"
    "memorysetup-temp-allocator-size-gi-baking-worker=262144"
    "memorysetup-temp-allocator-size-gi-baking-worker=262144"
    "memorysetup-temp-allocator-size-nav-mesh-worker=65536"
    "memorysetup-temp-allocator-size-audio-worker=65536"
    "memorysetup-temp-allocator-size-cloud-worker=32768"
    "memorysetup-allocator-temp-initial-block-size-main=262144"
    "memorysetup-allocator-temp-initial-block-size-worker=262144"
    "memorysetup-temp-allocator-size-preload-manager=33554432"
    "memorysetup-remapper-allocator-initial-capacity=32768"
    "memorysetup-temp-allocator-size-gfx=262144"
    "memorysetup-temp-allocator-size-background-worker=32768"
    "memorysetup-temp-allocator-size-job-worker=262144"
    "memorysetup-bucket-allocator-granularity=16"
    "memorysetup-bucket-allocator-bucket-count=8"
    "memorysetup-bucket-allocator-block-size=33554432"
    "memorysetup-bucket-allocator-block-count=8"
    "memorysetup-main-allocator-block-size=16777216"
    "memorysetup-thread-allocator-block-size=16777216"
    "memorysetup-main-allocator-mimalloc-enabled=0"
    "memorysetup-gfx-main-allocator-block-size=16777216"
    "memorysetup-gfx-thread-allocator-block-size=16777216"
    "memorysetup-cache-allocator-block-size=4194304"
    "memorysetup-typetree-allocator-block-size=2097152"
    "memorysetup-profiler-bucket-allocator-granularity=16"
    "memorysetup-profiler-bucket-allocator-bucket-count=8"
    "memorysetup-profiler-bucket-allocator-block-size=33554432"
    "memorysetup-profiler-bucket-allocator-block-count=8"
    "memorysetup-profiler-allocator-block-size=16777216"
    "memorysetup-profiler-editor-allocator-block-size=1048576"
    "memorysetup-temp-allocator-size-main=16777216"
    "memorysetup-job-temp-allocator-block-size=2097152"
    "memorysetup-job-temp-allocator-block-size-background=1048576"
    "memorysetup-job-temp-allocator-reduction-small-platforms=262144"
Player connection [8228102464]  Target information:

Player connection [8228102464]  * "[IP] 168.105.239.142 [Port] 55504 [Flags] 2 [Guid] 3332011706 [EditorId] 3332011706 [Version] 1048832 [Id] OSXEditor(0,Elijahs-MacBook-Air-94.local) [Debug] 1 [PackageName] OSXEditor [ProjectName] Editor" 

Player connection [8228102464] Host joined multi-casting on [225.0.0.222:54997]...
Player connection [8228102464] Host joined alternative multi-casting on [225.0.0.222:34997]...
Input System module state changed to: Initialized.
[Physics::Module] Initialized fallback backend.
[Physics::Module] Id: 0xdecafbad
[Licensing::Client] Handshaking with LicensingClient:
  Version:                 1.18.3+d7ffd15
  Session Id:              0b6d954770c54454af7b67e1eb163aef
  Correlation Id:          48a8212154d2ffafd0b029eca39c01cb
  External correlation Id: 267081660588616082
  Machine Id:              IhbEpexwIucXjD9TMWxkgCpFC8Q=
[Licensing::Module] Successfully connected to LicensingClient on channel: "LicenseClient-elijahsaloma" (connect: 0.00s, validation: 0.00s, handshake: 0.32s)
[Licensing::IpcConnector] Successfully connected to: "LicenseClient-elijahsaloma-notifications" at "2026-09-17T01:57:54.844975Z"
[Licensing::Client] Successfully updated the access token
[Licensing::Module] Successfully updated the access token NvwWMysgUF...
[Licensing::Client] Successfully resolved entitlement details
[Licensing::Module] License group:
  Id: 1375985249277-UnityPersXXXX
  Product: Unity Personal
  Type: Assigned
  Expiration: Unlimited
[Licensing::Client] Successfully updated license, isAsync: True, time: 0.00
[Licensing::Client] Successfully resolved entitlement details
[Licensing::Module] Licensing Background thread has ended after 0.32s
[Package Manager] Connected to IPC stream "Upm-30139" after 0.1 seconds.
[Licensing::Client] Successfully resolved entitlement details
Library Redirect Path: Library/
[Physics::Module] Selected backend.
[Physics::Module] Name: PhysX
[Physics::Module] Id: 0xf2b8ea05
[Physics::Module] SDK Version: 4.1.2
[Physics::Module] Integration Version: 1.0.0
[Physics::Module] Threading Mode: Multi-Threaded
Artifact Garbage Collection - Removed 55 unused hashed content files
Initialize engine version: 6000.5.10f1 (3bd4f66ad299)
[Subsystems] Discovering subsystems at path /Applications/Unity/Hub/Editor/6000.5.10f1/Unity.app/Contents/Resources/UnitySubsystems
[Subsystems] Discovering subsystems at path /Users/elijahsaloma/Desktop/CC_CANOE_PROJECT/Assets
GfxDevice: creating device client; kGfxThreadingModeThreaded
 preferred device: Apple M2 (high power)
Metal devices available: 1
0: Apple M2 (high power)
Using device Apple M2 (high power)
Initializing Metal device caps: Apple M2
Mac GPU Family: 2
Apple GPU Family: 8
MSL Version: 3.0
Has Float MSAA: 1
Has Float Filtering: 1
ReadWrite Texture Tier: 2
Initialize mono
Mono path[0] = '/Applications/Unity/Hub/Editor/6000.5.10f1/Unity.app/Contents/Resources/Scripting/Managed'
Mono path[1] = '/Applications/Unity/Hub/Editor/6000.5.10f1/Unity.app/Contents/Resources/Scripting/BCLExtensions/runtime/netstandard2.1'
Mono path[2] = '/Applications/Unity/Hub/Editor/6000.5.10f1/Unity.app/Contents/Resources/Scripting/MonoBleedingEdge/lib/mono/unityjit-macos'
Mono config path = '/Applications/Unity/Hub/Editor/6000.5.10f1/Unity.app/Contents/Resources/Scripting/MonoBleedingEdge/etc'
Using monoOptions --debugger-agent=transport=dt_socket,embedding=1,server=y,suspend=n,address=127.0.0.1:56139
CodeReloadManager initialized
ImportWorker Server TCP listen port: 0
AcceleratorClientConnectionCallback - disconnected - :0
Begin MonoManager ReloadAssembly
Registering precompiled unity dll's ...
Register platform support module: /Applications/Unity/Hub/Editor/6000.5.10f1/PlaybackEngines/MacStandaloneSupport/UnityEditor.OSXStandalone.Extensions.dll
Registered in 0.001292 seconds.
Native extension for OSXStandalone target not found
Package Manager log level set to [2]
ScheduleIndexationOnStartup MainProcess:False IndexOnStartup:True
Mono: successfully reloaded assembly
- Finished resetting the current domain, in  0.570 seconds
Domain Reload Profiling: 947ms
	BeginReloadAssembly (99ms)
		CreateAndSetChildDomain (20ms)
	RebuildCommonClasses (3ms)
	RebuildNativeTypeToScriptingClass (17ms)
	initialDomainReloadingComplete (39ms)
	LoadAllAssembliesAndSetupDomain (219ms)
		LoadAssemblies (79ms)
		AnalyzeDomain (163ms)
			TypeCache.Refresh (162ms)
				TypeCache.ScanAssembly (148ms)
	FinalizeReload (571ms)
		SetupLoadedEditorAssemblies (0ms)
			BeforeProcessingInitializeOnLoad (58ms)
			ProcessInitializeOnLoadAttributes (70ms)
			ProcessInitializeOnLoadMethodAttributes (391ms)
[Licensing::Client] Successfully resolved entitlement details
Application.AssetDatabase Initial Refresh Start
[Package Manager] Restoring resolved packages state from cache
[Licensing::Client] Successfully resolved entitlement details
[Package Manager] Registered 37 packages:
  Built-in packages:
    com.unity.multiplayer.center@1.0.1 (location: /Users/elijahsaloma/Desktop/CC_CANOE_PROJECT/Library/PackageCache/com.unity.multiplayer.center@b860850997d0)
    com.unity.modules.accessibility@1.0.0 (location: /Users/elijahsaloma/Desktop/CC_CANOE_PROJECT/Library/PackageCache/com.unity.modules.accessibility)
    com.unity.modules.adaptiveperformance@1.0.0 (location: /Users/elijahsaloma/Desktop/CC_CANOE_PROJECT/Library/PackageCache/com.unity.modules.adaptiveperformance)
    com.unity.modules.ai@1.0.0 (location: /Users/elijahsaloma/Desktop/CC_CANOE_PROJECT/Library/PackageCache/com.unity.modules.ai)
    com.unity.modules.androidjni@1.0.0 (location: /Users/elijahsaloma/Desktop/CC_CANOE_PROJECT/Library/PackageCache/com.unity.modules.androidjni)
    com.unity.modules.animation@1.0.0 (location: /Users/elijahsaloma/Desktop/CC_CANOE_PROJECT/Library/PackageCache/com.unity.modules.animation)
    com.unity.modules.assetbundle@1.0.0 (location: /Users/elijahsaloma/Desktop/CC_CANOE_PROJECT/Library/PackageCache/com.unity.modules.assetbundle)
    com.unity.modules.audio@1.0.0 (location: /Users/elijahsaloma/Desktop/CC_CANOE_PROJECT/Library/PackageCache/com.unity.modules.audio)
    com.unity.modules.cloth@1.0.0 (location: /Users/elijahsaloma/Desktop/CC_CANOE_PROJECT/Library/PackageCache/com.unity.modules.cloth)
    com.unity.modules.director@1.0.0 (location: /Users/elijahsaloma/Desktop/CC_CANOE_PROJECT/Library/PackageCache/com.unity.modules.director)
    com.unity.modules.imageconversion@1.0.0 (location: /Users/elijahsaloma/Desktop/CC_CANOE_PROJECT/Library/PackageCache/com.unity.modules.imageconversion)
    com.unity.modules.imgui@1.0.0 (location: /Users/elijahsaloma/Desktop/CC_CANOE_PROJECT/Library/PackageCache/com.unity.modules.imgui)
    com.unity.modules.jsonserialize@1.0.0 (location: /Users/elijahsaloma/Desktop/CC_CANOE_PROJECT/Library/PackageCache/com.unity.modules.jsonserialize)
    com.unity.modules.particlesystem@1.0.0 (location: /Users/elijahsaloma/Desktop/CC_CANOE_PROJECT/Library/PackageCache/com.unity.modules.particlesystem)
    com.unity.modules.physics@1.0.0 (location: /Users/elijahsaloma/Desktop/CC_CANOE_PROJECT/Library/PackageCache/com.unity.modules.physics)
    com.unity.modules.physics2d@1.0.0 (location: /Users/elijahsaloma/Desktop/CC_CANOE_PROJECT/Library/PackageCache/com.unity.modules.physics2d)
    com.unity.modules.physicscore2d@1.0.0 (location: /Users/elijahsaloma/Desktop/CC_CANOE_PROJECT/Library/PackageCache/com.unity.modules.physicscore2d)
    com.unity.modules.screencapture@1.0.0 (location: /Users/elijahsaloma/Desktop/CC_CANOE_PROJECT/Library/PackageCache/com.unity.modules.screencapture)
    com.unity.modules.terrain@1.0.0 (location: /Users/elijahsaloma/Desktop/CC_CANOE_PROJECT/Library/PackageCache/com.unity.modules.terrain)
    com.unity.modules.terrainphysics@1.0.0 (location: /Users/elijahsaloma/Desktop/CC_CANOE_PROJECT/Library/PackageCache/com.unity.modules.terrainphysics)
    com.unity.modules.tilemap@1.0.0 (location: /Users/elijahsaloma/Desktop/CC_CANOE_PROJECT/Library/PackageCache/com.unity.modules.tilemap)
    com.unity.modules.ui@1.0.0 (location: /Users/elijahsaloma/Desktop/CC_CANOE_PROJECT/Library/PackageCache/com.unity.modules.ui)
    com.unity.modules.uielements@1.0.0 (location: /Users/elijahsaloma/Desktop/CC_CANOE_PROJECT/Library/PackageCache/com.unity.modules.uielements)
    com.unity.modules.umbra@1.0.0 (location: /Users/elijahsaloma/Desktop/CC_CANOE_PROJECT/Library/PackageCache/com.unity.modules.umbra)
    com.unity.modules.unityanalytics@1.0.0 (location: /Users/elijahsaloma/Desktop/CC_CANOE_PROJECT/Library/PackageCache/com.unity.modules.unityanalytics)
    com.unity.modules.unitywebrequest@1.0.0 (location: /Users/elijahsaloma/Desktop/CC_CANOE_PROJECT/Library/PackageCache/com.unity.modules.unitywebrequest)
    com.unity.modules.unitywebrequestassetbundle@1.0.0 (location: /Users/elijahsaloma/Desktop/CC_CANOE_PROJECT/Library/PackageCache/com.unity.modules.unitywebrequestassetbundle)
    com.unity.modules.unitywebrequestaudio@1.0.0 (location: /Users/elijahsaloma/Desktop/CC_CANOE_PROJECT/Library/PackageCache/com.unity.modules.unitywebrequestaudio)
    com.unity.modules.unitywebrequesttexture@1.0.0 (location: /Users/elijahsaloma/Desktop/CC_CANOE_PROJECT/Library/PackageCache/com.unity.modules.unitywebrequesttexture)
    com.unity.modules.unitywebrequestwww@1.0.0 (location: /Users/elijahsaloma/Desktop/CC_CANOE_PROJECT/Library/PackageCache/com.unity.modules.unitywebrequestwww)
    com.unity.modules.vectorgraphics@1.0.0 (location: /Users/elijahsaloma/Desktop/CC_CANOE_PROJECT/Library/PackageCache/com.unity.modules.vectorgraphics)
    com.unity.modules.vehicles@1.0.0 (location: /Users/elijahsaloma/Desktop/CC_CANOE_PROJECT/Library/PackageCache/com.unity.modules.vehicles)
    com.unity.modules.video@1.0.0 (location: /Users/elijahsaloma/Desktop/CC_CANOE_PROJECT/Library/PackageCache/com.unity.modules.video)
    com.unity.modules.wind@1.0.0 (location: /Users/elijahsaloma/Desktop/CC_CANOE_PROJECT/Library/PackageCache/com.unity.modules.wind)
    com.unity.modules.xr@1.0.0 (location: /Users/elijahsaloma/Desktop/CC_CANOE_PROJECT/Library/PackageCache/com.unity.modules.xr)
    com.unity.modules.subsystems@1.0.0 (location: /Users/elijahsaloma/Desktop/CC_CANOE_PROJECT/Library/PackageCache/com.unity.modules.subsystems)
    com.unity.modules.hierarchycore@1.0.0 (location: /Users/elijahsaloma/Desktop/CC_CANOE_PROJECT/Library/PackageCache/com.unity.modules.hierarchycore)
[Subsystems] No new subsystems found in resolved package list.
[Package Manager] Done registering packages in 0.01 seconds
info: Microsoft.Hosting.Lifetime[14]
      Now listening on: http://unix:/tmp/ilpp.sock-1c475276e0f041e117925c9181bf652d
info: Microsoft.Hosting.Lifetime[0]
      Application started. Press Ctrl+C to shut down.
info: Microsoft.Hosting.Lifetime[0]
      Hosting environment: Production
info: Microsoft.Hosting.Lifetime[0]
      Content root path: /Users/elijahsaloma/Desktop/CC_CANOE_PROJECT
info: Microsoft.AspNetCore.Hosting.Diagnostics[1]
      Request starting HTTP/2 POST http://ilpp/UnityILPP.PostProcessing/Ping - application/grpc -
info: Microsoft.AspNetCore.Routing.EndpointMiddleware[0]
      Executing endpoint 'gRPC - /UnityILPP.PostProcessing/Ping'
info: Microsoft.AspNetCore.Routing.EndpointMiddleware[1]
      Executed endpoint 'gRPC - /UnityILPP.PostProcessing/Ping'
info: Microsoft.AspNetCore.Hosting.Diagnostics[2]
      Request finished HTTP/2 POST http://ilpp/UnityILPP.PostProcessing/Ping - 200 - application/grpc 34.3301ms
Starting: /Applications/Unity/Hub/Editor/6000.5.10f1/Unity.app/Contents/Resources/BuildPipeline/bee_backend --ipc --defer-dag-verification --dagfile="Library/Bee/200b0aE.dag" --continue-on-failure --profile="Library/Bee/backend1.traceevents" ScriptAssemblies
WorkingDir: /Users/elijahsaloma/Desktop/CC_CANOE_PROJECT
ExitCode: 0 Duration: 0s41ms
*** Tundra build success (0.03 seconds), 0 items updated, 169 evaluated
AssetDatabase: script compilation time: 0.517738s
Begin MonoManager ReloadAssembly
Total cache size 95800468
Total cache size after purge 95800468, took 00:00:00.0798780
Starting new worker id: 0 with log in /Users/elijahsaloma/Desktop/CC_CANOE_PROJECT/Logs/AssetImportWorkerHW0.log
Input System module state changed to: ShutdownInProgress.
Input Polling Thread exited.
Input System module state changed to: Shutdown.
NullReferenceException: Object reference not set to an instance of an object
  at Unity.Scripting.LifecycleManagement.LifecycleController.ExitScope[TContext] (Unity.Scripting.LifecycleManagement.LifecycleScopeWithContext`1[T] scope) [0x00014] in /Users/bokken/build/output/unity/unity/External/ScriptingCore/Unity.Scripting/LifecycleManagement/LifecycleController.cs:301 
  at UnityEngine.DomainReloadLifecycleController.Internal_OnceCodeReloadSerializationDone () [0x0000a] in /Users/bokken/build/output/unity/unity/Runtime/Scripting/LifecycleManagement/DomainReloadLifecycleController.cs:96 
UnityEngine.DebugLogHandler:Internal_LogException_Injected(Exception, IntPtr)
UnityEngine.DebugLogHandler:Internal_LogException(Exception, Object)
UnityEngine.DebugLogHandler:LogException(Exception, Object)
UnityEngine.Logger:LogException(Exception, Object)
UnityEngine.Debug:LogException(Exception)
UnityEngine.DomainReloadLifecycleController:Internal_OnceCodeReloadSerializationDone() (at /Users/bokken/build/output/unity/unity/Runtime/Scripting/LifecycleManagement/DomainReloadLifecycleController.cs:103)

(Filename: /Users/bokken/build/output/unity/unity/External/ScriptingCore/Unity.Scripting/LifecycleManagement/LifecycleController.cs Line: 301)

[Physics::Module] Cleanup current backend.
[Physics::Module] Id: 0xf2b8ea05
[Licensing::IpcConnector] LicenseClient-elijahsaloma-notifications channel disconnected successfully.
[Licensing::IpcConnector] LicenseClient-elijahsaloma channel disconnected successfully.
Thread 0x170b7f000 may have been prematurely finalized
AcceleratorClientConnectionCallback - disconnected - :0
info: Microsoft.Hosting.Lifetime[0]
      Application is shutting down...
Cleanup mono
CodeReloadManager destroyed
debugger-agent: Unable to listen on 86
[Package Manager] Server process was shutdown
Shutting down MSBuild server...
Shutting down VB/C# compiler server...
VB/C# compiler server shut down successfully.
MSBuild server shut down successfully.
